[C]Every[G]body, [F]let's have a wonderful time
[C]Take it [G]slowly, [F]while you're feelin' fine
[C]One strage [E7]day shouldn't [F]take you by surprise
[C]But all right, [G]hey hey, [F]hey hey

[C]Ahhh [Am]ahhh [G]ahhh
[C]Ahhh [Am]ahhh [G]ahhh

[F]Wonderful [C]time
